5 = ARC-210 6 = RESERVED yes it is. The quick brown fox. Hello